// Jest Snapshot v1, https://goo.gl/fbAQLP

exports[`Commit Message Functional component matches snapshot 1`] = `"some message"`;
