// Jest Snapshot v1, https://goo.gl/fbAQLP

exports[`File Name Functional component matches snapshot 1`] = `"someFile"`;
