// Jest Snapshot v1, https://goo.gl/fbAQLP

exports[`File Icon Functional component matches snapshot 1`] = `
<img
  alt="alternate message"
  src="some url"
/>
`;
