// Jest Snapshot v1, https://goo.gl/fbAQLP

exports[`Time Duration Functional component matches snapshot 1`] = `
<span
  data-testid="time"
>
  7 years ago
</span>
`;
